This is pdfTeX, Version 3.141592653-2.6-1.40.27 (TeX Live 2025) (preloaded format=pdflatex 2025.3.8)  7 MAY 2026 01:03
entering extended mode
 restricted \write18 enabled.
 file:line:error style messages enabled.
 %&-line parsing enabled.
**/Users/macbookpro/Desktop/final_project_XYZLW/Final_report/main.tex
(/Users/macbookpro/Desktop/final_project_XYZLW/Final_report/main.tex
LaTeX2e <2024-11-01> patch level 2
L3 programming layer <2025-01-18>
(/usr/local/texlive/2025/texmf-dist/tex/latex/ieeetran/IEEEtran.cls
Document Class: IEEEtran 2015/08/26 V1.8b by Michael Shell
-- See the "IEEEtran_HOWTO" manual for usage information.
-- http://www.michaelshell.org/tex/ieeetran/
\@IEEEtrantmpdimenA=\dimen141
\@IEEEtrantmpdimenB=\dimen142
\@IEEEtrantmpdimenC=\dimen143
\@IEEEtrantmpcountA=\count196
\@IEEEtrantmpcountB=\count197
\@IEEEtrantmpcountC=\count198
\@IEEEtrantmptoksA=\toks17
LaTeX Font Info:    Trying to load font information for OT1+ptm on input line 503.
(/usr/local/texlive/2025/texmf-dist/tex/latex/psnfss/ot1ptm.fd
File: ot1ptm.fd 2001/06/04 font definitions for OT1/ptm.
)
-- Using 8.5in x 11in (letter) paper.
-- Using PDF output.
\@IEEEnormalsizeunitybaselineskip=\dimen144
-- This is a 10 point document.
\CLASSINFOnormalsizebaselineskip=\dimen145
\CLASSINFOnormalsizeunitybaselineskip=\dimen146
\IEEEnormaljot=\dimen147
LaTeX Font Info:    Font shape `OT1/ptm/bx/n' in size <5> not available
(Font)              Font shape `OT1/ptm/b/n' tried instead on input line 1090.
LaTeX Font Info:    Font shape `OT1/ptm/bx/it' in size <5> not available
(Font)              Font shape `OT1/ptm/b/it' tried instead on input line 1090.
LaTeX Font Info:    Font shape `OT1/ptm/bx/n' in size <7> not available
(Font)              Font shape `OT1/ptm/b/n' tried instead on input line 1090.
LaTeX Font Info:    Font shape `OT1/ptm/bx/it' in size <7> not available
(Font)              Font shape `OT1/ptm/b/it' tried instead on input line 1090.
LaTeX Font Info:    Font shape `OT1/ptm/bx/n' in size <8> not available
(Font)              Font shape `OT1/ptm/b/n' tried instead on input line 1090.
LaTeX Font Info:    Font shape `OT1/ptm/bx/it' in size <8> not available
(Font)              Font shape `OT1/ptm/b/it' tried instead on input line 1090.
LaTeX Font Info:    Font shape `OT1/ptm/bx/n' in size <9> not available
(Font)              Font shape `OT1/ptm/b/n' tried instead on input line 1090.
LaTeX Font Info:    Font shape `OT1/ptm/bx/it' in size <9> not available
(Font)              Font shape `OT1/ptm/b/it' tried instead on input line 1090.
LaTeX Font Info:    Font shape `OT1/ptm/bx/n' in size <10> not available
(Font)              Font shape `OT1/ptm/b/n' tried instead on input line 1090.
LaTeX Font Info:    Font shape `OT1/ptm/bx/it' in size <10> not available
(Font)              Font shape `OT1/ptm/b/it' tried instead on input line 1090.
LaTeX Font Info:    Font shape `OT1/ptm/bx/n' in size <11> not available
(Font)              Font shape `OT1/ptm/b/n' tried instead on input line 1090.
LaTeX Font Info:    Font shape `OT1/ptm/bx/it' in size <11> not available
(Font)              Font shape `OT1/ptm/b/it' tried instead on input line 1090.
LaTeX Font Info:    Font shape `OT1/ptm/bx/n' in size <12> not available
(Font)              Font shape `OT1/ptm/b/n' tried instead on input line 1090.
LaTeX Font Info:    Font shape `OT1/ptm/bx/it' in size <12> not available
(Font)              Font shape `OT1/ptm/b/it' tried instead on input line 1090.
LaTeX Font Info:    Font shape `OT1/ptm/bx/n' in size <17> not available
(Font)              Font shape `OT1/ptm/b/n' tried instead on input line 1090.
LaTeX Font Info:    Font shape `OT1/ptm/bx/it' in size <17> not available
(Font)              Font shape `OT1/ptm/b/it' tried instead on input line 1090.
LaTeX Font Info:    Font shape `OT1/ptm/bx/n' in size <20> not available
(Font)              Font shape `OT1/ptm/b/n' tried instead on input line 1090.
LaTeX Font Info:    Font shape `OT1/ptm/bx/it' in size <20> not available
(Font)              Font shape `OT1/ptm/b/it' tried instead on input line 1090.
LaTeX Font Info:    Font shape `OT1/ptm/bx/n' in size <24> not available
(Font)              Font shape `OT1/ptm/b/n' tried instead on input line 1090.
LaTeX Font Info:    Font shape `OT1/ptm/bx/it' in size <24> not available
(Font)              Font shape `OT1/ptm/b/it' tried instead on input line 1090.
\IEEEquantizedlength=\dimen148
\IEEEquantizedlengthdiff=\dimen149
\IEEEquantizedtextheightdiff=\dimen150
\IEEEilabelindentA=\dimen151
\IEEEilabelindentB=\dimen152
\IEEEilabelindent=\dimen153
\IEEEelabelindent=\dimen154
\IEEEdlabelindent=\dimen155
\IEEElabelindent=\dimen156
\IEEEiednormlabelsep=\dimen157
\IEEEiedmathlabelsep=\dimen158
\IEEEiedtopsep=\skip49
\c@section=\count199
\c@subsection=\count266
\c@subsubsection=\count267
\c@paragraph=\count268
\c@IEEEsubequation=\count269
\abovecaptionskip=\skip50
\belowcaptionskip=\skip51
\c@figure=\count270
\c@table=\count271
\@IEEEeqnnumcols=\count272
\@IEEEeqncolcnt=\count273
\@IEEEsubeqnnumrollback=\count274
\@IEEEquantizeheightA=\dimen159
\@IEEEquantizeheightB=\dimen160
\@IEEEquantizeheightC=\dimen161
\@IEEEquantizeprevdepth=\dimen162
\@IEEEquantizemultiple=\count275
\@IEEEquantizeboxA=\box52
\@IEEEtmpitemindent=\dimen163
\IEEEPARstartletwidth=\dimen164
\c@IEEEbiography=\count276
\@IEEEtranrubishbin=\box53
)
** ATTENTION: Overriding command lockouts (line 2).
(/usr/local/texlive/2025/texmf-dist/tex/latex/cite/cite.sty
LaTeX Info: Redefining \cite on input line 302.
LaTeX Info: Redefining \nocite on input line 332.
Package: cite 2015/02/27  v 5.5
) (/usr/local/texlive/2025/texmf-dist/tex/latex/amsmath/amsmath.sty
Package: amsmath 2024/11/05 v2.17t AMS math features
\@mathmargin=\skip52

For additional information on amsmath, use the `?' option.
(/usr/local/texlive/2025/texmf-dist/tex/latex/amsmath/amstext.sty
Package: amstext 2021/08/26 v2.01 AMS text
 (/usr/local/texlive/2025/texmf-dist/tex/latex/amsmath/amsgen.sty
File: amsgen.sty 1999/11/30 v2.0 generic functions
\@emptytoks=\toks18
\ex@=\dimen165
)) (/usr/local/texlive/2025/texmf-dist/tex/latex/amsmath/amsbsy.sty
Package: amsbsy 1999/11/29 v1.2d Bold Symbols
\pmbraise@=\dimen166
) (/usr/local/texlive/2025/texmf-dist/tex/latex/amsmath/amsopn.sty
Package: amsopn 2022/04/08 v2.04 operator names
)
\inf@bad=\count277
LaTeX Info: Redefining \frac on input line 233.
\uproot@=\count278
\leftroot@=\count279
LaTeX Info: Redefining \overline on input line 398.
LaTeX Info: Redefining \colon on input line 409.
\classnum@=\count280
\DOTSCASE@=\count281
LaTeX Info: Redefining \ldots on input line 495.
LaTeX Info: Redefining \dots on input line 498.
LaTeX Info: Redefining \cdots on input line 619.
\Mathstrutbox@=\box54
\strutbox@=\box55
LaTeX Info: Redefining \big on input line 721.
LaTeX Info: Redefining \Big on input line 722.
LaTeX Info: Redefining \bigg on input line 723.
LaTeX Info: Redefining \Bigg on input line 724.
\big@size=\dimen167
LaTeX Font Info:    Redeclaring font encoding OML on input line 742.
LaTeX Font Info:    Redeclaring font encoding OMS on input line 743.
\macc@depth=\count282
LaTeX Info: Redefining \bmod on input line 904.
LaTeX Info: Redefining \pmod on input line 909.
LaTeX Info: Redefining \smash on input line 939.
LaTeX Info: Redefining \relbar on input line 969.
LaTeX Info: Redefining \Relbar on input line 970.
\c@MaxMatrixCols=\count283
\dotsspace@=\muskip17
\c@parentequation=\count284
\dspbrk@lvl=\count285
\tag@help=\toks19
\row@=\count286
\column@=\count287
\maxfields@=\count288
\andhelp@=\toks20
\eqnshift@=\dimen168
\alignsep@=\dimen169
\tagshift@=\dimen170
\tagwidth@=\dimen171
\totwidth@=\dimen172
\lineht@=\dimen173
\@envbody=\toks21
\multlinegap=\skip53
\multlinetaggap=\skip54
\mathdisplay@stack=\toks22
LaTeX Info: Redefining \[ on input line 2953.
LaTeX Info: Redefining \] on input line 2954.
) (/usr/local/texlive/2025/texmf-dist/tex/latex/amsfonts/amssymb.sty
Package: amssymb 2013/01/14 v3.01 AMS font symbols
 (/usr/local/texlive/2025/texmf-dist/tex/latex/amsfonts/amsfonts.sty
Package: amsfonts 2013/01/14 v3.01 Basic AMSFonts support
\symAMSa=\mathgroup4
\symAMSb=\mathgroup5
LaTeX Font Info:    Redeclaring math symbol \hbar on input line 98.
LaTeX Font Info:    Overwriting math alphabet `\mathfrak' in version `bold'
(Font)                  U/euf/m/n --> U/euf/b/n on input line 106.
)) (/usr/local/texlive/2025/texmf-dist/tex/latex/algorithms/algorithmic.sty
Package: algorithmic 2009/08/24 v0.1 Document Style `algorithmic'
 (/usr/local/texlive/2025/texmf-dist/tex/latex/base/ifthen.sty
Package: ifthen 2024/03/16 v1.1e Standard LaTeX ifthen package (DPC)
) (/usr/local/texlive/2025/texmf-dist/tex/latex/graphics/keyval.sty
Package: keyval 2022/05/29 v1.15 key=value parser (DPC)
\KV@toks@=\toks23
)
\c@ALC@unique=\count289
\c@ALC@line=\count290
\c@ALC@rem=\count291
\c@ALC@depth=\count292
\ALC@tlm=\skip55
\algorithmicindent=\skip56
) (/usr/local/texlive/2025/texmf-dist/tex/latex/graphics/graphicx.sty
Package: graphicx 2021/09/16 v1.2d Enhanced LaTeX Graphics (DPC,SPQR)
 (/usr/local/texlive/2025/texmf-dist/tex/latex/graphics/graphics.sty
Package: graphics 2024/08/06 v1.4g Standard LaTeX Graphics (DPC,SPQR)
 (/usr/local/texlive/2025/texmf-dist/tex/latex/graphics/trig.sty
Package: trig 2023/12/02 v1.11 sin cos tan (DPC)
) (/usr/local/texlive/2025/texmf-dist/tex/latex/graphics-cfg/graphics.cfg
File: graphics.cfg 2016/06/04 v1.11 sample graphics configuration
)
Package graphics Info: Driver file: pdftex.def on input line 106.
 (/usr/local/texlive/2025/texmf-dist/tex/latex/graphics-def/pdftex.def
File: pdftex.def 2024/04/13 v1.2c Graphics/color driver for pdftex
))
\Gin@req@height=\dimen174
\Gin@req@width=\dimen175
) (/usr/local/texlive/2025/texmf-dist/tex/latex/base/textcomp.sty
Package: textcomp 2024/04/24 v2.1b Standard LaTeX package
) (/usr/local/texlive/2025/texmf-dist/tex/latex/xcolor/xcolor.sty
Package: xcolor 2024/09/29 v3.02 LaTeX color extensions (UK)
 (/usr/local/texlive/2025/texmf-dist/tex/latex/graphics-cfg/color.cfg
File: color.cfg 2016/01/02 v1.6 sample color configuration
)
Package xcolor Info: Driver file: pdftex.def on input line 274.
 (/usr/local/texlive/2025/texmf-dist/tex/latex/graphics/mathcolor.ltx)
Package xcolor Info: Model `cmy' substituted by `cmy0' on input line 1349.
Package xcolor Info: Model `hsb' substituted by `rgb' on input line 1353.
Package xcolor Info: Model `RGB' extended on input line 1365.
Package xcolor Info: Model `HTML' substituted by `rgb' on input line 1367.
Package xcolor Info: Model `Hsb' substituted by `hsb' on input line 1368.
Package xcolor Info: Model `tHsb' substituted by `hsb' on input line 1369.
Package xcolor Info: Model `HSB' substituted by `hsb' on input line 1370.
Package xcolor Info: Model `Gray' substituted by `gray' on input line 1371.
Package xcolor Info: Model `wave' substituted by `hsb' on input line 1372.
) (/usr/local/texlive/2025/texmf-dist/tex/latex/l3backend/l3backend-pdftex.def
File: l3backend-pdftex.def 2024-05-08 L3 backend support: PDF output (pdfTeX)
\l__color_backend_stack_int=\count293
\l__pdf_internal_box=\box56
) (./main.aux)
\openout1 = `main.aux'.

LaTeX Font Info:    Checking defaults for OML/cmm/m/it on input line 12.
LaTeX Font Info:    ... okay on input line 12.
LaTeX Font Info:    Checking defaults for OMS/cmsy/m/n on input line 12.
LaTeX Font Info:    ... okay on input line 12.
LaTeX Font Info:    Checking defaults for OT1/cmr/m/n on input line 12.
LaTeX Font Info:    ... okay on input line 12.
LaTeX Font Info:    Checking defaults for T1/cmr/m/n on input line 12.
LaTeX Font Info:    ... okay on input line 12.
LaTeX Font Info:    Checking defaults for TS1/cmr/m/n on input line 12.
LaTeX Font Info:    ... okay on input line 12.
LaTeX Font Info:    Checking defaults for OMX/cmex/m/n on input line 12.
LaTeX Font Info:    ... okay on input line 12.
LaTeX Font Info:    Checking defaults for U/cmr/m/n on input line 12.
LaTeX Font Info:    ... okay on input line 12.

-- Lines per column: 56 (exact).
(/usr/local/texlive/2025/texmf-dist/tex/context/base/mkii/supp-pdf.mkii
[Loading MPS to PDF converter (version 2006.09.02).]
\scratchcounter=\count294
\scratchdimen=\dimen176
\scratchbox=\box57
\nofMPsegments=\count295
\nofMParguments=\count296
\everyMPshowfont=\toks24
\MPscratchCnt=\count297
\MPscratchDim=\dimen177
\MPnumerator=\count298
\makeMPintoPDFobject=\count299
\everyMPtoPDFconversion=\toks25
) (/usr/local/texlive/2025/texmf-dist/tex/latex/epstopdf-pkg/epstopdf-base.sty
Package: epstopdf-base 2020-01-24 v2.11 Base part for package epstopdf
Package epstopdf-base Info: Redefining graphics rule for `.eps' on input line 485.
 (/usr/local/texlive/2025/texmf-dist/tex/latex/latexconfig/epstopdf-sys.cfg
File: epstopdf-sys.cfg 2010/07/13 v1.3 Configuration of (r)epstopdf for TeX Live
))
LaTeX Font Info:    Calculating math sizes for size <11> on input line 49.
LaTeX Font Info:    Trying to load font information for U+msa on input line 49.
 (/usr/local/texlive/2025/texmf-dist/tex/latex/amsfonts/umsa.fd
File: umsa.fd 2013/01/14 v3.01 AMS symbols A
)
LaTeX Font Info:    Trying to load font information for U+msb on input line 49.
 (/usr/local/texlive/2025/texmf-dist/tex/latex/amsfonts/umsb.fd
File: umsb.fd 2013/01/14 v3.01 AMS symbols B
) (./final_report_body.tex

LaTeX Font Info:    Trying to load font information for TS1+ptm on input line 39.
(/usr/local/texlive/2025/texmf-dist/tex/latex/psnfss/ts1ptm.fd
File: ts1ptm.fd 2001/06/04 font definitions for TS1/ptm.
)
Underfull \hbox (badness 2343) in paragraph at lines 39--40
[]\OT1/ptm/m/n/10 Machine Learn-ing Pipeline: The data col-lec-tion, Ex-
 []



[1{/usr/local/texlive/2025/texmf-var/fonts/map/pdftex/updmap/pdftex.map}{/usr/local/texlive/2025/texmf-dist/fonts/enc/dvips/base/8r.enc}


]


Underfull \hbox (badness 1803) in paragraph at lines 61--62
\OT1/ptm/m/n/10 Statis-tics (BTS) TranStats Air-line On-Time Per-for-mance
 []


Underfull \hbox (badness 10000) in paragraph at lines 61--62
\OT1/ptm/m/n/10 ORI-GIN, ORI-GIN[]CITY[]NAME, ORI-GIN[]STATE[]NM,
 []


Underfull \hbox (badness 10000) in paragraph at lines 61--62
\OT1/ptm/m/n/10 DEST, DEST[]CITY[]NAME, DEST[]STATE[]NM),
 []


Underfull \hbox (badness 10000) in paragraph at lines 61--62
\OT1/ptm/m/n/10 nu-mer-i-cal fea-tures (DEP[]DELAY, DEP[]DELAY[]NEW,
 []


Underfull \hbox (badness 10000) in paragraph at lines 61--62
\OT1/ptm/m/n/10 AIR[]TIME, DIS-TANCE, CAR-RIER[]DELAY,
 []


Underfull \hbox (badness 5726) in paragraph at lines 61--62
\OT1/ptm/m/n/10 WEATHER[]DELAY, NAS[]DELAY, SE-CU-RITY[]DELAY,
 []


Underfull \hbox (badness 1783) in paragraph at lines 65--66
\OT1/ptm/m/n/10 CU-RITY[]DELAY, and LATE[]AIRCRAFT[]DELAY. Af-ter
 []



[2]
LaTeX Font Info:    Trying to load font information for OT1+pcr on input line 67.
 (/usr/local/texlive/2025/texmf-dist/tex/latex/psnfss/ot1pcr.fd
File: ot1pcr.fd 2001/06/04 font definitions for OT1/pcr.
)
<Figures/target_distribution_dep_del15.png, id=13, 578.16pt x 361.35pt>
File: Figures/target_distribution_dep_del15.png Graphic file (type png)
<use Figures/target_distribution_dep_del15.png>
Package pdftex.def Info: Figures/target_distribution_dep_del15.png  used on input line 71.
(pdftex.def)             Requested size: 214.20154pt x 133.87384pt.
<Figures/flight_counts_by_delay_group.png, id=15, 867.24pt x 361.35pt>
File: Figures/flight_counts_by_delay_group.png Graphic file (type png)
<use Figures/flight_counts_by_delay_group.png>
Package pdftex.def Info: Figures/flight_counts_by_delay_group.png  used on input line 78.
(pdftex.def)             Requested size: 226.79846pt x 94.49464pt.
<Figures/delay_factor_pie_charts.png, id=16, 1156.32pt x 505.89pt>
File: Figures/delay_factor_pie_charts.png Graphic file (type png)
<use Figures/delay_factor_pie_charts.png>
Package pdftex.def Info: Figures/delay_factor_pie_charts.png  used on input line 85.
(pdftex.def)             Requested size: 252.0pt x 110.24632pt.
<Figures/airline_delay_bar_charts.png, id=17, 1300.86pt x 433.62pt>
File: Figures/airline_delay_bar_charts.png Graphic file (type png)
<use Figures/airline_delay_bar_charts.png>
Package pdftex.def Info: Figures/airline_delay_bar_charts.png  used on input line 92.
(pdftex.def)             Requested size: 252.0pt x 83.99646pt.
<Figures/short_vs_long_haul_delays.png, id=18, 867.24pt x 433.62pt>
File: Figures/short_vs_long_haul_delays.png Graphic file (type png)
<use Figures/short_vs_long_haul_delays.png>
Package pdftex.def Info: Figures/short_vs_long_haul_delays.png  used on input line 99.
(pdftex.def)             Requested size: 239.39923pt x 119.6991pt.
<Figures/correlation_heatmap_delay_types.png, id=19, 722.7pt x 578.16pt>
File: Figures/correlation_heatmap_delay_types.png Graphic file (type png)
<use Figures/correlation_heatmap_delay_types.png>
Package pdftex.def Info: Figures/correlation_heatmap_delay_types.png  used on input line 106.
(pdftex.def)             Requested size: 214.20154pt x 171.35852pt.

Underfull \hbox (badness 2119) in paragraph at lines 111--112
[]\OT1/ptm/m/n/10 For pre-pro-cess-ing, we first han-dled miss-ing data by
 []


Underfull \hbox (badness 1668) in paragraph at lines 111--112
\OT1/pcr/m/n/10 DEP_DEL15 \OT1/ptm/m/n/10 into an in-te-ger clas-si-fi-ca-tion la-bel. Delay-
 []




Underfull \hbox (badness 2828) in paragraph at lines 113--114
[]\OT1/ptm/m/n/10 In the ma-chine learn-ing pipeline, nu-mer-i-cal fea-tures
 []



[3 <./Figures/target_distribution_dep_del15.png> <./Figures/flight_counts_by_delay_group.png>]
Underfull \hbox (badness 10000) in paragraph at lines 135--136
[]\OT1/ptm/m/n/10 The clas-si-fi-ca-tion in-put fea-tures in-clude
 []


Underfull \hbox (badness 10000) in paragraph at lines 135--136
\OT1/pcr/m/n/10 MONTH\OT1/ptm/m/n/10 , \OT1/pcr/m/n/10 OP_UNIQUE_CARRIER\OT1/ptm/m/n/10 , \OT1/pcr/m/n/10 ORIGIN\OT1/ptm/m/n/10 , \OT1/pcr/m/n/10 DEST\OT1/ptm/m/n/10 ,
 []


Underfull \hbox (badness 10000) in paragraph at lines 135--136
\OT1/pcr/m/n/10 DISTANCE\OT1/ptm/m/n/10 , \OT1/pcr/m/n/10 AIR_TIME\OT1/ptm/m/n/10 , \OT1/pcr/m/n/10 CARRIER_DELAY\OT1/ptm/m/n/10 ,
 []


Underfull \hbox (badness 10000) in paragraph at lines 135--136
\OT1/pcr/m/n/10 WEATHER_DELAY\OT1/ptm/m/n/10 , \OT1/pcr/m/n/10 NAS_DELAY\OT1/ptm/m/n/10 , \OT1/pcr/m/n/10 SECURITY_DELAY\OT1/ptm/m/n/10 ,
 []


Underfull \hbox (badness 10000) in paragraph at lines 135--136
\OT1/ptm/m/n/10 and \OT1/pcr/m/n/10 LATE_AIRCRAFT_DELAY\OT1/ptm/m/n/10 . The re-gres-sion in-put
 []


Underfull \hbox (badness 10000) in paragraph at lines 135--136
\OT1/ptm/m/n/10 fea-tures in-clude \OT1/pcr/m/n/10 MONTH\OT1/ptm/m/n/10 , \OT1/pcr/m/n/10 DISTANCE\OT1/ptm/m/n/10 , \OT1/pcr/m/n/10 AIR_TIME\OT1/ptm/m/n/10 ,
 []


Underfull \hbox (badness 10000) in paragraph at lines 135--136
\OT1/pcr/m/n/10 CARRIER_DELAY\OT1/ptm/m/n/10 , \OT1/pcr/m/n/10 WEATHER_DELAY\OT1/ptm/m/n/10 , \OT1/pcr/m/n/10 NAS_DELAY\OT1/ptm/m/n/10 ,
 []





[4 <./Figures/delay_factor_pie_charts.png> <./Figures/airline_delay_bar_charts.png> <./Figures/short_vs_long_haul_delays.png> <./Figures/correlation_heatmap_delay_types.png>]
Underfull \hbox (badness 10000) in paragraph at lines 174--175
[]\OT1/ptm/m/n/10 For clas-si-fi-ca-tion ex-per-i-ments, we trained Lo-gis-tic
 []


Underfull \hbox (badness 10000) in paragraph at lines 174--175
\OT1/ptm/m/n/10 Re-gres-sion, Ran-dom For-est, Gra-di-ent Boost-ing,
 []


Underfull \hbox (badness 10000) in paragraph at lines 174--175
\OT1/ptm/m/n/10 Ad-aBoost, and Ex-tra Trees. Lo-gis-tic Re-gres-sion
 []


Underfull \hbox (badness 10000) in paragraph at lines 174--175
\OT1/ptm/m/n/10 used max[]iter=1000 and class[]weight='balanced'.
 []


Underfull \hbox (badness 6477) in paragraph at lines 174--175
\OT1/ptm/m/n/10 Ran-dom For-est used n[]estimators=150, max[]depth=16,
 []


Underfull \hbox (badness 10000) in paragraph at lines 174--175
\OT1/ptm/m/n/10 and min[]samples[]leaf=5. Gra-di-ent Boost-ing used
 []


Underfull \hbox (badness 10000) in paragraph at lines 174--175
\OT1/ptm/m/n/10 n[]estimators=100, learn-ing[]rate=0.1, and max[]depth=3.
 []


Underfull \hbox (badness 3746) in paragraph at lines 174--175
\OT1/ptm/m/n/10 Ad-aBoost used n[]estimators=100 and learn-ing[]rate=0.1.
 []


Underfull \hbox (badness 10000) in paragraph at lines 174--175
\OT1/ptm/m/n/10 Ex-tra Trees used n[]estimators=150, max[]depth=16,
 []


Underfull \hbox (badness 10000) in paragraph at lines 174--175
\OT1/ptm/m/n/10 min[]samples[]leaf=5, and class[]weight='balanced'. For
 []



<Figures/frontend_home.png, id=42, 2830.575pt x 1365.1pt>
File: Figures/frontend_home.png Graphic file (type png)
<use Figures/frontend_home.png>
Package pdftex.def Info: Figures/frontend_home.png  used on input line 234.
(pdftex.def)             Requested size: 232.19843pt x 111.98058pt.


[5]
<Figures/frontend_results.png, id=48, 2190.1825pt x 1365.1pt>
File: Figures/frontend_results.png Graphic file (type png)
<use Figures/frontend_results.png>
Package pdftex.def Info: Figures/frontend_results.png  used on input line 258.
(pdftex.def)             Requested size: 232.19843pt x 144.7249pt.
<Figures/frontend_airline_comparison.png, id=49, 2190.1825pt x 1082.0425pt>
File: Figures/frontend_airline_comparison.png Graphic file (type png)
<use Figures/frontend_airline_comparison.png>
Package pdftex.def Info: Figures/frontend_airline_comparison.png  used on input line 264.
(pdftex.def)             Requested size: 232.19843pt x 114.71576pt.


<Figures/frontend_delay_chart.png, id=50, 2190.1825pt x 1082.0425pt>
File: Figures/frontend_delay_chart.png Graphic file (type png)
<use Figures/frontend_delay_chart.png>
Package pdftex.def Info: Figures/frontend_delay_chart.png  used on input line 305.
(pdftex.def)             Requested size: 232.19843pt x 114.71576pt.
<Figures/frontend_delay_causes.png, id=51, 2190.1825pt x 1082.0425pt>
File: Figures/frontend_delay_causes.png Graphic file (type png)
<use Figures/frontend_delay_causes.png>
Package pdftex.def Info: Figures/frontend_delay_causes.png  used on input line 311.
(pdftex.def)             Requested size: 232.19843pt x 114.71576pt.


[6 <./Figures/frontend_home.png (PNG copy)> <./Figures/frontend_results.png (PNG copy)> <./Figures/frontend_airline_comparison.png (PNG copy)>]

(./main.bbl

[7 <./Figures/frontend_delay_chart.png (PNG copy)> <./Figures/frontend_delay_causes.png (PNG copy)>]))

** Conference Paper **
Before submitting the final camera ready copy, remember to:

 1. Manually equalize the lengths of two columns on the last page
 of your paper;

 2. Ensure that any PostScript and/or PDF output post-processing
 uses only Type 1 fonts and that every step in the generation
 process uses the appropriate paper size.





[8

] (./main.aux)
 ***********
LaTeX2e <2024-11-01> patch level 2
L3 programming layer <2025-01-18>
 ***********
 ) 
Here is how much of TeX's memory you used:
 4377 strings out of 473190
 70770 string characters out of 5715801
 479132 words of memory out of 5000000
 27576 multiletter control sequences out of 15000+600000
 604404 words of font info for 127 fonts, out of 8000000 for 9000
 1141 hyphenation exceptions out of 8191
 57i,11n,65p,2784b,334s stack positions out of 10000i,1000n,20000p,200000b,200000s
</usr/local/texlive/2025/texmf-dist/fonts/type1/public/amsfonts/cm/cmex10.pfb></usr/local/texlive/2025/texmf-dist/fonts/type1/public/amsfonts/cm/cmmi10.pfb></usr/local/texlive/2025/texmf-dist/fonts/type1/public/amsfonts/cm/cmmi5.pfb></usr/local/texlive/2025/texmf-dist/fonts/type1/public/amsfonts/cm/cmmi7.pfb></usr/local/texlive/2025/texmf-dist/fonts/type1/public/amsfonts/cm/cmmi8.pfb></usr/local/texlive/2025/texmf-dist/fonts/type1/public/amsfonts/cm/cmr10.pfb></usr/local/texlive/2025/texmf-dist/fonts/type1/public/amsfonts/cm/cmr5.pfb></usr/local/texlive/2025/texmf-dist/fonts/type1/public/amsfonts/cm/cmr6.pfb></usr/local/texlive/2025/texmf-dist/fonts/type1/public/amsfonts/cm/cmr7.pfb></usr/local/texlive/2025/texmf-dist/fonts/type1/public/amsfonts/cm/cmsy10.pfb></usr/local/texlive/2025/texmf-dist/fonts/type1/public/amsfonts/cm/cmsy7.pfb></usr/local/texlive/2025/texmf-dist/fonts/type1/urw/courier/ucrr8a.pfb></usr/local/texlive/2025/texmf-dist/fonts/type1/urw/times/utmb8a.pfb></usr/local/texlive/2025/texmf-dist/fonts/type1/urw/times/utmbi8a.pfb></usr/local/texlive/2025/texmf-dist/fonts/type1/urw/times/utmr8a.pfb></usr/local/texlive/2025/texmf-dist/fonts/type1/urw/times/utmri8a.pfb>
Output written on main.pdf (8 pages, 1422636 bytes).
PDF statistics:
 130 PDF objects out of 1000 (max. 8388607)
 70 compressed objects within 1 object stream
 0 named destinations out of 1000 (max. 500000)
 56 words of extra memory for PDF output out of 10000 (max. 10000000)

